// Jest Snapshot v1, https://goo.gl/fbAQLP

exports[`<TracksGrid /> should render and match the snapshot 1`] = `
<body>
  <div>
    <div
      data-testid="tracks-grid"
    />
  </div>
</body>
`;
